
   PASS  Tests\Unit\ExampleTest
  Γ£ô that trueΓÇª 0.07s  

   FAIL  Tests\Feature\ExampleTest
  Γ¿» the appliΓÇª 6.33s  
  ΓöÇΓöÇΓöÇΓöÇΓöÇΓöÇΓöÇΓöÇΓöÇΓöÇΓöÇΓöÇΓöÇΓöÇΓöÇΓöÇΓöÇΓöÇ  
   FAILED  Tests\FΓÇª   
  Expected response status code [200] but received 500.
Failed asserting that 500 is identical to 200.

The following exception occurred during the last request:

PDOException: SQLSTATE[HY000]: General error: 1 no such table: projects in C:\Users\harry\Herd\jayavandepol.nl\vendor\laravel\framework\src\Illuminate\Database\Connection.php:420
Stack trace:
#0 C:\Users\harry\Herd\jayavandepol.nl\vendor\laravel\framework\src\Illuminate\Database\Connection.php(420): PDO->prepare('select * from "...')
#1 C:\Users\harry\Herd\jayavandepol.nl\vendor\laravel\framework\src\Illuminate\Database\Connection.php(827): Illuminate\Database\Connection->{closure:Illuminate\Database\Connection::select():411}('select * from "...', Array)
#2 C:\Users\harry\Herd\jayavandepol.nl\vendor\laravel\framework\src\Illuminate\Database\Connection.php(794): Illuminate\Database\Connection->runQueryCallback('select * from "...', Array, Object(Closure))
#3 C:\Users\harry\Herd\jayavandepol.nl\vendor\laravel\framework\src\Illuminate\Database\Connection.php(411): Illuminate\Database\Connection->run('select * from "...', Array, Object(Closure))
#4 C:\Users\harry\Herd\jayavandepol.nl\vendor\laravel\framework\src\Illuminate\Database\Query\Builder.php(3389): Illuminate\Database\Connection->select('select * from "...', Array, true)
#5 C:\Users\harry\Herd\jayavandepol.nl\vendor\laravel\framework\src\Illuminate\Database\Query\Builder.php(3374): Illuminate\Database\Query\Builder->runSelect()
#6 C:\Users\harry\Herd\jayavandepol.nl\vendor\laravel\framework\src\Illuminate\Database\Query\Builder.php(3964): Illuminate\Database\Query\Builder->{closure:Illuminate\Database\Query\Builder::get():3373}()
#7 C:\Users\harry\Herd\jayavandepol.nl\vendor\laravel\framework\src\Illuminate\Database\Query\Builder.php(3373): Illuminate\Database\Query\Builder->onceWithColumns(Array, Object(Closure))
#8 C:\Users\harry\Herd\jayavandepol.nl\vendor\laravel\framework\src\Illuminate\Database\Eloquent\Builder.php(902): Illuminate\Database\Query\Builder->get(Array)
#9 C:\Users\harry\Herd\jayavandepol.nl\vendor\laravel\framework\src\Illuminate\Database\Eloquent\Builder.php(884): Illuminate\Database\Eloquent\Builder->getModels(Array)
#10 C:\Users\harry\Herd\jayavandepol.nl\app\Http\Controllers\HomeController.php(20): Illuminate\Database\Eloquent\Builder->get()
#11 C:\Users\harry\Herd\jayavandepol.nl\vendor\laravel\framework\src\Illuminate\Routing\ControllerDispatcher.php(46): App\Http\Controllers\HomeController->index()
#12 C:\Users\harry\Herd\jayavandepol.nl\vendor\laravel\framework\src\Illuminate\Routing\Route.php(265): Illuminate\Routing\ControllerDispatcher->dispatch(Object(Illuminate\Routing\Route), Object(App\Http\Controllers\HomeController), 'index')
#13 C:\Users\harry\Herd\jayavandepol.nl\vendor\laravel\framework\src\Illuminate\Routing\Route.php(211): Illuminate\Routing\Route->runController()
#14 C:\Users\harry\Herd\jayavandepol.nl\vendor\laravel\framework\src\Illuminate\Routing\Router.php(822): Illuminate\Routing\Route->run()
#15 C:\Users\harry\Herd\jayavandepol.nl\vendor\laravel\framework\src\Illuminate\Pipeline\Pipeline.php(180): Illuminate\Routing\Router->{closure:Illuminate\Routing\Router::runRouteWithinStack():821}(Object(Illuminate\Http\Request))
#16 C:\Users\harry\Herd\jayavandepol.nl\vendor\inertiajs\inertia-laravel\src\Middleware.php(122): Illuminate\Pipeline\Pipeline->{closure:Illuminate\Pipeline\Pipeline::prepareDestination():178}(Object(Illuminate\Http\Request))
#17 C:\Users\harry\Herd\jayavandepol.nl\vendor\laravel\framework\src\Illuminate\Pipeline\Pipeline.php(219): Inertia\Middleware->handle(Object(Illuminate\Http\Request), Object(Closure))
#18 C:\Users\harry\Herd\jayavandepol.nl\vendor\laravel\framework\src\Illuminate\Routing\Middleware\SubstituteBindings.php(50): Illuminate\Pipeline\Pipeline->{closure:{closure:Illuminate\Pipeline\Pipeline::carry():194}:195}(Object(Illuminate\Http\Request))
#19 C:\Users\harry\Herd\jayavandepol.nl\vendor\laravel\framework\src\Illuminate\Pipeline\Pipeline.php(219): Illuminate\Routing\Middleware\SubstituteBindings->handle(Object(Illuminate\Http\Request), Object(Closure))
#20 C:\Users\harry\Herd\jayavandepol.nl\vendor\laravel\framework\src\Illuminate\Foundation\Http\Middleware\VerifyCsrfToken.php(87): Illuminate\Pipeline\Pipeline->{closure:{closure:Illuminate\Pipeline\Pipeline::carry():194}:195}(Object(Illuminate\Http\Request))
#21 C:\Users\harry\Herd\jayavandepol.nl\vendor\laravel\framework\src\Illuminate\Pipeline\Pipeline.php(219): Illuminate\Foundation\Http\Middleware\VerifyCsrfToken->handle(Object(Illuminate\Http\Request), Object(Closure))
#22 C:\Users\harry\Herd\jayavandepol.nl\vendor\laravel\framework\src\Illuminate\View\Middleware\ShareErrorsFromSession.php(48): Illuminate\Pipeline\Pipeline->{closure:{closure:Illuminate\Pipeline\Pipeline::carry():194}:195}(Object(Illuminate\Http\Request))
#23 C:\Users\harry\Herd\jayavandepol.nl\vendor\laravel\framework\src\Illuminate\Pipeline\Pipeline.php(219): Illuminate\View\Middleware\ShareErrorsFromSession->handle(Object(Illuminate\Http\Request), Object(Closure))
#24 C:\Users\harry\Herd\jayavandepol.nl\vendor\laravel\framework\src\Illuminate\Session\Middleware\StartSession.php(120): Illuminate\Pipeline\Pipeline->{closure:{closure:Illuminate\Pipeline\Pipeline::carry():194}:195}(Object(Illuminate\Http\Request))
#25 C:\Users\harry\Herd\jayavandepol.nl\vendor\laravel\framework\src\Illuminate\Session\Middleware\StartSession.php(63): Illuminate\Session\Middleware\StartSession->handleStatefulRequest(Object(Illuminate\Http\Request), Object(Illuminate\Session\Store), Object(Closure))
#26 C:\Users\harry\Herd\jayavandepol.nl\vendor\laravel\framework\src\Illuminate\Pipeline\Pipeline.php(219): Illuminate\Session\Middleware\StartSession->handle(Object(Illuminate\Http\Request), Object(Closure))
#27 C:\Users\harry\Herd\jayavandepol.nl\vendor\laravel\framework\src\Illuminate\Cookie\Middleware\AddQueuedCookiesToResponse.php(36): Illuminate\Pipeline\Pipeline->{closure:{closure:Illuminate\Pipeline\Pipeline::carry():194}:195}(Object(Illuminate\Http\Request))
#28 C:\Users\harry\Herd\jayavandepol.nl\vendor\laravel\framework\src\Illuminate\Pipeline\Pipeline.php(219): Illuminate\Cookie\Middleware\AddQueuedCookiesToResponse->handle(Object(Illuminate\Http\Request), Object(Closure))
#29 C:\Users\harry\Herd\jayavandepol.nl\vendor\laravel\framework\src\Illuminate\Cookie\Middleware\EncryptCookies.php(74): Illuminate\Pipeline\Pipeline->{closure:{closure:Illuminate\Pipeline\Pipeline::carry():194}:195}(Object(Illuminate\Http\Request))
#30 C:\Users\harry\Herd\jayavandepol.nl\vendor\laravel\framework\src\Illuminate\Pipeline\Pipeline.php(219): Illuminate\Cookie\Middleware\EncryptCookies->handle(Object(Illuminate\Http\Request), Object(Closure))
#31 C:\Users\harry\Herd\jayavandepol.nl\vendor\laravel\framework\src\Illuminate\Pipeline\Pipeline.php(137): Illuminate\Pipeline\Pipeline->{closure:{closure:Illuminate\Pipeline\Pipeline::carry():194}:195}(Object(Illuminate\Http\Request))
#32 C:\Users\harry\Herd\jayavandepol.nl\vendor\laravel\framework\src\Illuminate\Routing\Router.php(821): Illuminate\Pipeline\Pipeline->then(Object(Closure))
#33 C:\Users\harry\Herd\jayavandepol.nl\vendor\laravel\framework\src\Illuminate\Routing\Router.php(800): Illuminate\Routing\Router->runRouteWithinStack(Object(Illuminate\Routing\Route), Object(Illuminate\Http\Request))
#34 C:\Users\harry\Herd\jayavandepol.nl\vendor\laravel\framework\src\Illuminate\Routing\Router.php(764): Illuminate\Routing\Router->runRoute(Object(Illuminate\Http\Request), Object(Illuminate\Routing\Route))
#35 C:\Users\harry\Herd\jayavandepol.nl\vendor\laravel\framework\src\Illuminate\Routing\Router.php(753): Illuminate\Routing\Router->dispatchToRoute(Object(Illuminate\Http\Request))
#36 C:\Users\harry\Herd\jayavandepol.nl\vendor\laravel\framework\src\Illuminate\Foundation\Http\Kernel.php(200): Illuminate\Routing\Router->dispatch(Object(Illuminate\Http\Request))
#37 C:\Users\harry\Herd\jayavandepol.nl\vendor\laravel\framework\src\Illuminate\Pipeline\Pipeline.php(180): Illuminate\Foundation\Http\Kernel->{closure:Illuminate\Foundation\Http\Kernel::dispatchToRouter():197}(Object(Illuminate\Http\Request))
#38 C:\Users\harry\Herd\jayavandepol.nl\vendor\livewire\livewire\src\Features\SupportDisablingBackButtonCache\DisableBackButtonCacheMiddleware.php(19): Illuminate\Pipeline\Pipeline->{closure:Illuminate\Pipeline\Pipeline::prepareDestination():178}(Object(Illuminate\Http\Request))
#39 C:\Users\harry\Herd\jayavandepol.nl\vendor\laravel\framework\src\Illuminate\Pipeline\Pipeline.php(219): Livewire\Features\SupportDisablingBackButtonCache\DisableBackButtonCacheMiddleware->handle(Object(Illuminate\Http\Request), Object(Closure))
#40 C:\Users\harry\Herd\jayavandepol.nl\vendor\laravel\framework\src\Illuminate\Foundation\Http\Middleware\TransformsRequest.php(21): Illuminate\Pipeline\Pipeline->{closure:{closure:Illuminate\Pipeline\Pipeline::carry():194}:195}(Object(Illuminate\Http\Request))
#41 C:\Users\harry\Herd\jayavandepol.nl\vendor\laravel\framework\src\Illuminate\Foundation\Http\Middleware\ConvertEmptyStringsToNull.php(31): Illuminate\Foundation\Http\Middleware\TransformsRequest->handle(Object(Illuminate\Http\Request), Object(Closure))
#42 C:\Users\harry\Herd\jayavandepol.nl\vendor\laravel\framework\src\Illuminate\Pipeline\Pipeline.php(219): Illuminate\Foundation\Http\Middleware\ConvertEmptyStringsToNull->handle(Object(Illuminate\Http\Request), Object(Closure))
#43 C:\Users\harry\Herd\jayavandepol.nl\vendor\laravel\framework\src\Illuminate\Foundation\Http\Middleware\TransformsRequest.php(21): Illuminate\Pipeline\Pipeline->{closure:{closure:Illuminate\Pipeline\Pipeline::carry():194}:195}(Object(Illuminate\Http\Request))
#44 C:\Users\harry\Herd\jayavandepol.nl\vendor\laravel\framework\src\Illuminate\Foundation\Http\Middleware\TrimStrings.php(51): Illuminate\Foundation\Http\Middleware\TransformsRequest->handle(Object(Illuminate\Http\Request), Object(Closure))
#45 C:\Users\harry\Herd\jayavandepol.nl\vendor\laravel\framework\src\Illuminate\Pipeline\Pipeline.php(219): Illuminate\Foundation\Http\Middleware\TrimStrings->handle(Object(Illuminate\Http\Request), Object(Closure))
#46 C:\Users\harry\Herd\jayavandepol.nl\vendor\laravel\framework\src\Illuminate\Http\Middleware\ValidatePostSize.php(27): Illuminate\Pipeline\Pipeline->{closure:{closure:Illuminate\Pipeline\Pipeline::carry():194}:195}(Object(Illuminate\Http\Request))
#47 C:\Users\harry\Herd\jayavandepol.nl\vendor\laravel\framework\src\Illuminate\Pipeline\Pipeline.php(219): Illuminate\Http\Middleware\ValidatePostSize->handle(Object(Illuminate\Http\Request), Object(Closure))
#48 C:\Users\harry\Herd\jayavandepol.nl\vendor\laravel\framework\src\Illuminate\Foundation\Http\Middleware\PreventRequestsDuringMaintenance.php(109): Illuminate\Pipeline\Pipeline->{closure:{closure:Illuminate\Pipeline\Pipeline::carry():194}:195}(Object(Illuminate\Http\Request))
#49 C:\Users\harry\Herd\jayavandepol.nl\vendor\laravel\framework\src\Illuminate\Pipeline\Pipeline.php(219): Illuminate\Foundation\Http\Middleware\PreventRequestsDuringMaintenance->handle(Object(Illuminate\Http\Request), Object(Closure))
#50 C:\Users\harry\Herd\jayavandepol.nl\vendor\laravel\framework\src\Illuminate\Http\Middleware\HandleCors.php(61): Illuminate\Pipeline\Pipeline->{closure:{closure:Illuminate\Pipeline\Pipeline::carry():194}:195}(Object(Illuminate\Http\Request))
#51 C:\Users\harry\Herd\jayavandepol.nl\vendor\laravel\framework\src\Illuminate\Pipeline\Pipeline.php(219): Illuminate\Http\Middleware\HandleCors->handle(Object(Illuminate\Http\Request), Object(Closure))
#52 C:\Users\harry\Herd\jayavandepol.nl\vendor\laravel\framework\src\Illuminate\Http\Middleware\TrustProxies.php(58): Illuminate\Pipeline\Pipeline->{closure:{closure:Illuminate\Pipeline\Pipeline::carry():194}:195}(Object(Illuminate\Http\Request))
#53 C:\Users\harry\Herd\jayavandepol.nl\vendor\laravel\framework\src\Illuminate\Pipeline\Pipeline.php(219): Illuminate\Http\Middleware\TrustProxies->handle(Object(Illuminate\Http\Request), Object(Closure))
#54 C:\Users\harry\Herd\jayavandepol.nl\vendor\laravel\framework\src\Illuminate\Foundation\Http\Middleware\InvokeDeferredCallbacks.php(22): Illuminate\Pipeline\Pipeline->{closure:{closure:Illuminate\Pipeline\Pipeline::carry():194}:195}(Object(Illuminate\Http\Request))
#55 C:\Users\harry\Herd\jayavandepol.nl\vendor\laravel\framework\src\Illuminate\Pipeline\Pipeline.php(219): Illuminate\Foundation\Http\Middleware\InvokeDeferredCallbacks->handle(Object(Illuminate\Http\Request), Object(Closure))
#56 C:\Users\harry\Herd\jayavandepol.nl\vendor\laravel\framework\src\Illuminate\Http\Middleware\ValidatePathEncoding.php(26): Illuminate\Pipeline\Pipeline->{closure:{closure:Illuminate\Pipeline\Pipeline::carry():194}:195}(Object(Illuminate\Http\Request))
#57 C:\Users\harry\Herd\jayavandepol.nl\vendor\laravel\framework\src\Illuminate\Pipeline\Pipeline.php(219): Illuminate\Http\Middleware\ValidatePathEncoding->handle(Object(Illuminate\Http\Request), Object(Closure))
#58 C:\Users\harry\Herd\jayavandepol.nl\vendor\laravel\framework\src\Illuminate\Pipeline\Pipeline.php(137): Illuminate\Pipeline\Pipeline->{closure:{closure:Illuminate\Pipeline\Pipeline::carry():194}:195}(Object(Illuminate\Http\Request))
#59 C:\Users\harry\Herd\jayavandepol.nl\vendor\laravel\framework\src\Illuminate\Foundation\Http\Kernel.php(175): Illuminate\Pipeline\Pipeline->then(Object(Closure))
#60 C:\Users\harry\Herd\jayavandepol.nl\vendor\laravel\framework\src\Illuminate\Foundation\Http\Kernel.php(144): Illuminate\Foundation\Http\Kernel->sendRequestThroughRouter(Object(Illuminate\Http\Request))
#61 C:\Users\harry\Herd\jayavandepol.nl\vendor\laravel\framework\src\Illuminate\Foundation\Testing\Concerns\MakesHttpRequests.php(607): Illuminate\Foundation\Http\Kernel->handle(Object(Illuminate\Http\Request))
#62 C:\Users\harry\Herd\jayavandepol.nl\vendor\laravel\framework\src\Illuminate\Foundation\Testing\Concerns\MakesHttpRequests.php(368): Illuminate\Foundation\Testing\TestCase->call('GET', '/', Array, Array, Array, Array)
#63 C:\Users\harry\Herd\jayavandepol.nl\tests\Feature\ExampleTest.php(4): Illuminate\Foundation\Testing\TestCase->get('/')
#64 C:\Users\harry\Herd\jayavandepol.nl\vendor\pestphp\pest\src\Factories\TestCaseMethodFactory.php(168): P\Tests\Feature\ExampleTest->{closure:C:\Users\harry\Herd\jayavandepol.nl\tests\Feature\ExampleTest.php:3}()
#65 [internal function]: P\Tests\Feature\ExampleTest->{closure:Pest\Factories\TestCaseMethodFactory::getClosure():158}()
#66 C:\Users\harry\Herd\jayavandepol.nl\vendor\pestphp\pest\src\Concerns\Testable.php(429): call_user_func_array(Object(Closure), Array)
#67 C:\Users\harry\Herd\jayavandepol.nl\vendor\pestphp\pest\src\Support\ExceptionTrace.php(26): P\Tests\Feature\ExampleTest->{closure:Pest\Concerns\Testable::__callClosure():429}()
#68 C:\Users\harry\Herd\jayavandepol.nl\vendor\pestphp\pest\src\Concerns\Testable.php(429): Pest\Support\ExceptionTrace::ensure(Object(Closure))
#69 C:\Users\harry\Herd\jayavandepol.nl\vendor\pestphp\pest\src\Concerns\Testable.php(331): P\Tests\Feature\ExampleTest->__callClosure(Object(Closure), Array)
#70 C:\Users\harry\Herd\jayavandepol.nl\vendor\pestphp\pest\src\Factories\TestCaseFactory.php(169) : eval()'d code(17): P\Tests\Feature\ExampleTest->__runTest(Object(Closure))
#71 C:\Users\harry\Herd\jayavandepol.nl\vendor\phpunit\phpunit\src\Framework\TestCase.php(1332): P\Tests\Feature\ExampleTest->__pest_evaluable_the_application_returns_a_successful_response()
#72 C:\Users\harry\Herd\jayavandepol.nl\vendor\phpunit\phpunit\src\Framework\TestCase.php(519): PHPUnit\Framework\TestCase->runTest()
#73 C:\Users\harry\Herd\jayavandepol.nl\vendor\phpunit\phpunit\src\Framework\TestRunner\TestRunner.php(99): PHPUnit\Framework\TestCase->runBare()
#74 C:\Users\harry\Herd\jayavandepol.nl\vendor\phpunit\phpunit\src\Framework\TestCase.php(359): PHPUnit\Framework\TestRunner->run(Object(P\Tests\Feature\ExampleTest))
#75 C:\Users\harry\Herd\jayavandepol.nl\vendor\phpunit\phpunit\src\Framework\TestSuite.php(374): PHPUnit\Framework\TestCase->run()
#76 C:\Users\harry\Herd\jayavandepol.nl\vendor\phpunit\phpunit\src\Framework\TestSuite.php(374): PHPUnit\Framework\TestSuite->run()
#77 C:\Users\harry\Herd\jayavandepol.nl\vendor\phpunit\phpunit\src\Framework\TestSuite.php(374): PHPUnit\Framework\TestSuite->run()
#78 C:\Users\harry\Herd\jayavandepol.nl\vendor\phpunit\phpunit\src\TextUI\TestRunner.php(64): PHPUnit\Framework\TestSuite->run()
#79 C:\Users\harry\Herd\jayavandepol.nl\vendor\phpunit\phpunit\src\TextUI\Application.php(229): PHPUnit\TextUI\TestRunner->run(Object(PHPUnit\TextUI\Configuration\Configuration), Object(PHPUnit\Runner\ResultCache\DefaultResultCache), Object(PHPUnit\Framework\TestSuite))
#80 C:\Users\harry\Herd\jayavandepol.nl\vendor\pestphp\pest\src\Kernel.php(103): PHPUnit\TextUI\Application->run(Array)
#81 C:\Users\harry\Herd\jayavandepol.nl\vendor\pestphp\pest\bin\pest(184): Pest\Kernel->handle(Array, Array)
#82 C:\Users\harry\Herd\jayavandepol.nl\vendor\pestphp\pest\bin\pest(192): {closure:C:\Users\harry\Herd\jayavandepol.nl\vendor\pestphp\pest\bin\pest:18}()
#83 {main}

Next Illuminate\Database\QueryException: SQLSTATE[HY000]: General error: 1 no such table: projects (Connection: sqlite, Database: :memory:, SQL: select * from "projects" where "status" = published and "is_featured" = 1 order by "sort_order" asc, "published_at" desc limit 3) in C:\Users\harry\Herd\jayavandepol.nl\vendor\laravel\framework\src\Illuminate\Database\Connection.php:838
Stack trace:
#0 C:\Users\harry\Herd\jayavandepol.nl\vendor\laravel\framework\src\Illuminate\Database\Connection.php(794): Illuminate\Database\Connection->runQueryCallback('select * from "...', Array, Object(Closure))
#1 C:\Users\harry\Herd\jayavandepol.nl\vendor\laravel\framework\src\Illuminate\Database\Connection.php(411): Illuminate\Database\Connection->run('select * from "...', Array, Object(Closure))
#2 C:\Users\harry\Herd\jayavandepol.nl\vendor\laravel\framework\src\Illuminate\Database\Query\Builder.php(3389): Illuminate\Database\Connection->select('select * from "...', Array, true)
#3 C:\Users\harry\Herd\jayavandepol.nl\vendor\laravel\framework\src\Illuminate\Database\Query\Builder.php(3374): Illuminate\Database\Query\Builder->runSelect()
#4 C:\Users\harry\Herd\jayavandepol.nl\vendor\laravel\framework\src\Illuminate\Database\Query\Builder.php(3964): Illuminate\Database\Query\Builder->{closure:Illuminate\Database\Query\Builder::get():3373}()
#5 C:\Users\harry\Herd\jayavandepol.nl\vendor\laravel\framework\src\Illuminate\Database\Query\Builder.php(3373): Illuminate\Database\Query\Builder->onceWithColumns(Array, Object(Closure))
#6 C:\Users\harry\Herd\jayavandepol.nl\vendor\laravel\framework\src\Illuminate\Database\Eloquent\Builder.php(902): Illuminate\Database\Query\Builder->get(Array)
#7 C:\Users\harry\Herd\jayavandepol.nl\vendor\laravel\framework\src\Illuminate\Database\Eloquent\Builder.php(884): Illuminate\Database\Eloquent\Builder->getModels(Array)
#8 C:\Users\harry\Herd\jayavandepol.nl\app\Http\Controllers\HomeController.php(20): Illuminate\Database\Eloquent\Builder->get()
#9 C:\Users\harry\Herd\jayavandepol.nl\vendor\laravel\framework\src\Illuminate\Routing\ControllerDispatcher.php(46): App\Http\Controllers\HomeController->index()
#10 C:\Users\harry\Herd\jayavandepol.nl\vendor\laravel\framework\src\Illuminate\Routing\Route.php(265): Illuminate\Routing\ControllerDispatcher->dispatch(Object(Illuminate\Routing\Route), Object(App\Http\Controllers\HomeController), 'index')
#11 C:\Users\harry\Herd\jayavandepol.nl\vendor\laravel\framework\src\Illuminate\Routing\Route.php(211): Illuminate\Routing\Route->runController()
#12 C:\Users\harry\Herd\jayavandepol.nl\vendor\laravel\framework\src\Illuminate\Routing\Router.php(822): Illuminate\Routing\Route->run()
#13 C:\Users\harry\Herd\jayavandepol.nl\vendor\laravel\framework\src\Illuminate\Pipeline\Pipeline.php(180): Illuminate\Routing\Router->{closure:Illuminate\Routing\Router::runRouteWithinStack():821}(Object(Illuminate\Http\Request))
#14 C:\Users\harry\Herd\jayavandepol.nl\vendor\inertiajs\inertia-laravel\src\Middleware.php(122): Illuminate\Pipeline\Pipeline->{closure:Illuminate\Pipeline\Pipeline::prepareDestination():178}(Object(Illuminate\Http\Request))
#15 C:\Users\harry\Herd\jayavandepol.nl\vendor\laravel\framework\src\Illuminate\Pipeline\Pipeline.php(219): Inertia\Middleware->handle(Object(Illuminate\Http\Request), Object(Closure))
#16 C:\Users\harry\Herd\jayavandepol.nl\vendor\laravel\framework\src\Illuminate\Routing\Middleware\SubstituteBindings.php(50): Illuminate\Pipeline\Pipeline->{closure:{closure:Illuminate\Pipeline\Pipeline::carry():194}:195}(Object(Illuminate\Http\Request))
#17 C:\Users\harry\Herd\jayavandepol.nl\vendor\laravel\framework\src\Illuminate\Pipeline\Pipeline.php(219): Illuminate\Routing\Middleware\SubstituteBindings->handle(Object(Illuminate\Http\Request), Object(Closure))
#18 C:\Users\harry\Herd\jayavandepol.nl\vendor\laravel\framework\src\Illuminate\Foundation\Http\Middleware\VerifyCsrfToken.php(87): Illuminate\Pipeline\Pipeline->{closure:{closure:Illuminate\Pipeline\Pipeline::carry():194}:195}(Object(Illuminate\Http\Request))
#19 C:\Users\harry\Herd\jayavandepol.nl\vendor\laravel\framework\src\Illuminate\Pipeline\Pipeline.php(219): Illuminate\Foundation\Http\Middleware\VerifyCsrfToken->handle(Object(Illuminate\Http\Request), Object(Closure))
#20 C:\Users\harry\Herd\jayavandepol.nl\vendor\laravel\framework\src\Illuminate\View\Middleware\ShareErrorsFromSession.php(48): Illuminate\Pipeline\Pipeline->{closure:{closure:Illuminate\Pipeline\Pipeline::carry():194}:195}(Object(Illuminate\Http\Request))
#21 C:\Users\harry\Herd\jayavandepol.nl\vendor\laravel\framework\src\Illuminate\Pipeline\Pipeline.php(219): Illuminate\View\Middleware\ShareErrorsFromSession->handle(Object(Illuminate\Http\Request), Object(Closure))
#22 C:\Users\harry\Herd\jayavandepol.nl\vendor\laravel\framework\src\Illuminate\Session\Middleware\StartSession.php(120): Illuminate\Pipeline\Pipeline->{closure:{closure:Illuminate\Pipeline\Pipeline::carry():194}:195}(Object(Illuminate\Http\Request))
#23 C:\Users\harry\Herd\jayavandepol.nl\vendor\laravel\framework\src\Illuminate\Session\Middleware\StartSession.php(63): Illuminate\Session\Middleware\StartSession->handleStatefulRequest(Object(Illuminate\Http\Request), Object(Illuminate\Session\Store), Object(Closure))
#24 C:\Users\harry\Herd\jayavandepol.nl\vendor\laravel\framework\src\Illuminate\Pipeline\Pipeline.php(219): Illuminate\Session\Middleware\StartSession->handle(Object(Illuminate\Http\Request), Object(Closure))
#25 C:\Users\harry\Herd\jayavandepol.nl\vendor\laravel\framework\src\Illuminate\Cookie\Middleware\AddQueuedCookiesToResponse.php(36): Illuminate\Pipeline\Pipeline->{closure:{closure:Illuminate\Pipeline\Pipeline::carry():194}:195}(Object(Illuminate\Http\Request))
#26 C:\Users\harry\Herd\jayavandepol.nl\vendor\laravel\framework\src\Illuminate\Pipeline\Pipeline.php(219): Illuminate\Cookie\Middleware\AddQueuedCookiesToResponse->handle(Object(Illuminate\Http\Request), Object(Closure))
#27 C:\Users\harry\Herd\jayavandepol.nl\vendor\laravel\framework\src\Illuminate\Cookie\Middleware\EncryptCookies.php(74): Illuminate\Pipeline\Pipeline->{closure:{closure:Illuminate\Pipeline\Pipeline::carry():194}:195}(Object(Illuminate\Http\Request))
#28 C:\Users\harry\Herd\jayavandepol.nl\vendor\laravel\framework\src\Illuminate\Pipeline\Pipeline.php(219): Illuminate\Cookie\Middleware\EncryptCookies->handle(Object(Illuminate\Http\Request), Object(Closure))
#29 C:\Users\harry\Herd\jayavandepol.nl\vendor\laravel\framework\src\Illuminate\Pipeline\Pipeline.php(137): Illuminate\Pipeline\Pipeline->{closure:{closure:Illuminate\Pipeline\Pipeline::carry():194}:195}(Object(Illuminate\Http\Request))
#30 C:\Users\harry\Herd\jayavandepol.nl\vendor\laravel\framework\src\Illuminate\Routing\Router.php(821): Illuminate\Pipeline\Pipeline->then(Object(Closure))
#31 C:\Users\harry\Herd\jayavandepol.nl\vendor\laravel\framework\src\Illuminate\Routing\Router.php(800): Illuminate\Routing\Router->runRouteWithinStack(Object(Illuminate\Routing\Route), Object(Illuminate\Http\Request))
#32 C:\Users\harry\Herd\jayavandepol.nl\vendor\laravel\framework\src\Illuminate\Routing\Router.php(764): Illuminate\Routing\Router->runRoute(Object(Illuminate\Http\Request), Object(Illuminate\Routing\Route))
#33 C:\Users\harry\Herd\jayavandepol.nl\vendor\laravel\framework\src\Illuminate\Routing\Router.php(753): Illuminate\Routing\Router->dispatchToRoute(Object(Illuminate\Http\Request))
#34 C:\Users\harry\Herd\jayavandepol.nl\vendor\laravel\framework\src\Illuminate\Foundation\Http\Kernel.php(200): Illuminate\Routing\Router->dispatch(Object(Illuminate\Http\Request))
#35 C:\Users\harry\Herd\jayavandepol.nl\vendor\laravel\framework\src\Illuminate\Pipeline\Pipeline.php(180): Illuminate\Foundation\Http\Kernel->{closure:Illuminate\Foundation\Http\Kernel::dispatchToRouter():197}(Object(Illuminate\Http\Request))
#36 C:\Users\harry\Herd\jayavandepol.nl\vendor\livewire\livewire\src\Features\SupportDisablingBackButtonCache\DisableBackButtonCacheMiddleware.php(19): Illuminate\Pipeline\Pipeline->{closure:Illuminate\Pipeline\Pipeline::prepareDestination():178}(Object(Illuminate\Http\Request))
#37 C:\Users\harry\Herd\jayavandepol.nl\vendor\laravel\framework\src\Illuminate\Pipeline\Pipeline.php(219): Livewire\Features\SupportDisablingBackButtonCache\DisableBackButtonCacheMiddleware->handle(Object(Illuminate\Http\Request), Object(Closure))
#38 C:\Users\harry\Herd\jayavandepol.nl\vendor\laravel\framework\src\Illuminate\Foundation\Http\Middleware\TransformsRequest.php(21): Illuminate\Pipeline\Pipeline->{closure:{closure:Illuminate\Pipeline\Pipeline::carry():194}:195}(Object(Illuminate\Http\Request))
#39 C:\Users\harry\Herd\jayavandepol.nl\vendor\laravel\framework\src\Illuminate\Foundation\Http\Middleware\ConvertEmptyStringsToNull.php(31): Illuminate\Foundation\Http\Middleware\TransformsRequest->handle(Object(Illuminate\Http\Request), Object(Closure))
#40 C:\Users\harry\Herd\jayavandepol.nl\vendor\laravel\framework\src\Illuminate\Pipeline\Pipeline.php(219): Illuminate\Foundation\Http\Middleware\ConvertEmptyStringsToNull->handle(Object(Illuminate\Http\Request), Object(Closure))
#41 C:\Users\harry\Herd\jayavandepol.nl\vendor\laravel\framework\src\Illuminate\Foundation\Http\Middleware\TransformsRequest.php(21): Illuminate\Pipeline\Pipeline->{closure:{closure:Illuminate\Pipeline\Pipeline::carry():194}:195}(Object(Illuminate\Http\Request))
#42 C:\Users\harry\Herd\jayavandepol.nl\vendor\laravel\framework\src\Illuminate\Foundation\Http\Middleware\TrimStrings.php(51): Illuminate\Foundation\Http\Middleware\TransformsRequest->handle(Object(Illuminate\Http\Request), Object(Closure))
#43 C:\Users\harry\Herd\jayavandepol.nl\vendor\laravel\framework\src\Illuminate\Pipeline\Pipeline.php(219): Illuminate\Foundation\Http\Middleware\TrimStrings->handle(Object(Illuminate\Http\Request), Object(Closure))
#44 C:\Users\harry\Herd\jayavandepol.nl\vendor\laravel\framework\src\Illuminate\Http\Middleware\ValidatePostSize.php(27): Illuminate\Pipeline\Pipeline->{closure:{closure:Illuminate\Pipeline\Pipeline::carry():194}:195}(Object(Illuminate\Http\Request))
#45 C:\Users\harry\Herd\jayavandepol.nl\vendor\laravel\framework\src\Illuminate\Pipeline\Pipeline.php(219): Illuminate\Http\Middleware\ValidatePostSize->handle(Object(Illuminate\Http\Request), Object(Closure))
#46 C:\Users\harry\Herd\jayavandepol.nl\vendor\laravel\framework\src\Illuminate\Foundation\Http\Middleware\PreventRequestsDuringMaintenance.php(109): Illuminate\Pipeline\Pipeline->{closure:{closure:Illuminate\Pipeline\Pipeline::carry():194}:195}(Object(Illuminate\Http\Request))
#47 C:\Users\harry\Herd\jayavandepol.nl\vendor\laravel\framework\src\Illuminate\Pipeline\Pipeline.php(219): Illuminate\Foundation\Http\Middleware\PreventRequestsDuringMaintenance->handle(Object(Illuminate\Http\Request), Object(Closure))
#48 C:\Users\harry\Herd\jayavandepol.nl\vendor\laravel\framework\src\Illuminate\Http\Middleware\HandleCors.php(61): Illuminate\Pipeline\Pipeline->{closure:{closure:Illuminate\Pipeline\Pipeline::carry():194}:195}(Object(Illuminate\Http\Request))
#49 C:\Users\harry\Herd\jayavandepol.nl\vendor\laravel\framework\src\Illuminate\Pipeline\Pipeline.php(219): Illuminate\Http\Middleware\HandleCors->handle(Object(Illuminate\Http\Request), Object(Closure))
#50 C:\Users\harry\Herd\jayavandepol.nl\vendor\laravel\framework\src\Illuminate\Http\Middleware\TrustProxies.php(58): Illuminate\Pipeline\Pipeline->{closure:{closure:Illuminate\Pipeline\Pipeline::carry():194}:195}(Object(Illuminate\Http\Request))
#51 C:\Users\harry\Herd\jayavandepol.nl\vendor\laravel\framework\src\Illuminate\Pipeline\Pipeline.php(219): Illuminate\Http\Middleware\TrustProxies->handle(Object(Illuminate\Http\Request), Object(Closure))
#52 C:\Users\harry\Herd\jayavandepol.nl\vendor\laravel\framework\src\Illuminate\Foundation\Http\Middleware\InvokeDeferredCallbacks.php(22): Illuminate\Pipeline\Pipeline->{closure:{closure:Illuminate\Pipeline\Pipeline::carry():194}:195}(Object(Illuminate\Http\Request))
#53 C:\Users\harry\Herd\jayavandepol.nl\vendor\laravel\framework\src\Illuminate\Pipeline\Pipeline.php(219): Illuminate\Foundation\Http\Middleware\InvokeDeferredCallbacks->handle(Object(Illuminate\Http\Request), Object(Closure))
#54 C:\Users\harry\Herd\jayavandepol.nl\vendor\laravel\framework\src\Illuminate\Http\Middleware\ValidatePathEncoding.php(26): Illuminate\Pipeline\Pipeline->{closure:{closure:Illuminate\Pipeline\Pipeline::carry():194}:195}(Object(Illuminate\Http\Request))
#55 C:\Users\harry\Herd\jayavandepol.nl\vendor\laravel\framework\src\Illuminate\Pipeline\Pipeline.php(219): Illuminate\Http\Middleware\ValidatePathEncoding->handle(Object(Illuminate\Http\Request), Object(Closure))
#56 C:\Users\harry\Herd\jayavandepol.nl\vendor\laravel\framework\src\Illuminate\Pipeline\Pipeline.php(137): Illuminate\Pipeline\Pipeline->{closure:{closure:Illuminate\Pipeline\Pipeline::carry():194}:195}(Object(Illuminate\Http\Request))
#57 C:\Users\harry\Herd\jayavandepol.nl\vendor\laravel\framework\src\Illuminate\Foundation\Http\Kernel.php(175): Illuminate\Pipeline\Pipeline->then(Object(Closure))
#58 C:\Users\harry\Herd\jayavandepol.nl\vendor\laravel\framework\src\Illuminate\Foundation\Http\Kernel.php(144): Illuminate\Foundation\Http\Kernel->sendRequestThroughRouter(Object(Illuminate\Http\Request))
#59 C:\Users\harry\Herd\jayavandepol.nl\vendor\laravel\framework\src\Illuminate\Foundation\Testing\Concerns\MakesHttpRequests.php(607): Illuminate\Foundation\Http\Kernel->handle(Object(Illuminate\Http\Request))
#60 C:\Users\harry\Herd\jayavandepol.nl\vendor\laravel\framework\src\Illuminate\Foundation\Testing\Concerns\MakesHttpRequests.php(368): Illuminate\Foundation\Testing\TestCase->call('GET', '/', Array, Array, Array, Array)
#61 C:\Users\harry\Herd\jayavandepol.nl\tests\Feature\ExampleTest.php(4): Illuminate\Foundation\Testing\TestCase->get('/')
#62 C:\Users\harry\Herd\jayavandepol.nl\vendor\pestphp\pest\src\Factories\TestCaseMethodFactory.php(168): P\Tests\Feature\ExampleTest->{closure:C:\Users\harry\Herd\jayavandepol.nl\tests\Feature\ExampleTest.php:3}()
#63 [internal function]: P\Tests\Feature\ExampleTest->{closure:Pest\Factories\TestCaseMethodFactory::getClosure():158}()
#64 C:\Users\harry\Herd\jayavandepol.nl\vendor\pestphp\pest\src\Concerns\Testable.php(429): call_user_func_array(Object(Closure), Array)
#65 C:\Users\harry\Herd\jayavandepol.nl\vendor\pestphp\pest\src\Support\ExceptionTrace.php(26): P\Tests\Feature\ExampleTest->{closure:Pest\Concerns\Testable::__callClosure():429}()
#66 C:\Users\harry\Herd\jayavandepol.nl\vendor\pestphp\pest\src\Concerns\Testable.php(429): Pest\Support\ExceptionTrace::ensure(Object(Closure))
#67 C:\Users\harry\Herd\jayavandepol.nl\vendor\pestphp\pest\src\Concerns\Testable.php(331): P\Tests\Feature\ExampleTest->__callClosure(Object(Closure), Array)
#68 C:\Users\harry\Herd\jayavandepol.nl\vendor\pestphp\pest\src\Factories\TestCaseFactory.php(169) : eval()'d code(17): P\Tests\Feature\ExampleTest->__runTest(Object(Closure))
#69 C:\Users\harry\Herd\jayavandepol.nl\vendor\phpunit\phpunit\src\Framework\TestCase.php(1332): P\Tests\Feature\ExampleTest->__pest_evaluable_the_application_returns_a_successful_response()
#70 C:\Users\harry\Herd\jayavandepol.nl\vendor\phpunit\phpunit\src\Framework\TestCase.php(519): PHPUnit\Framework\TestCase->runTest()
#71 C:\Users\harry\Herd\jayavandepol.nl\vendor\phpunit\phpunit\src\Framework\TestRunner\TestRunner.php(99): PHPUnit\Framework\TestCase->runBare()
#72 C:\Users\harry\Herd\jayavandepol.nl\vendor\phpunit\phpunit\src\Framework\TestCase.php(359): PHPUnit\Framework\TestRunner->run(Object(P\Tests\Feature\ExampleTest))
#73 C:\Users\harry\Herd\jayavandepol.nl\vendor\phpunit\phpunit\src\Framework\TestSuite.php(374): PHPUnit\Framework\TestCase->run()
#74 C:\Users\harry\Herd\jayavandepol.nl\vendor\phpunit\phpunit\src\Framework\TestSuite.php(374): PHPUnit\Framework\TestSuite->run()
#75 C:\Users\harry\Herd\jayavandepol.nl\vendor\phpunit\phpunit\src\Framework\TestSuite.php(374): PHPUnit\Framework\TestSuite->run()
#76 C:\Users\harry\Herd\jayavandepol.nl\vendor\phpunit\phpunit\src\TextUI\TestRunner.php(64): PHPUnit\Framework\TestSuite->run()
#77 C:\Users\harry\Herd\jayavandepol.nl\vendor\phpunit\phpunit\src\TextUI\Application.php(229): PHPUnit\TextUI\TestRunner->run(Object(PHPUnit\TextUI\Configuration\Configuration), Object(PHPUnit\Runner\ResultCache\DefaultResultCache), Object(PHPUnit\Framework\TestSuite))
#78 C:\Users\harry\Herd\jayavandepol.nl\vendor\pestphp\pest\src\Kernel.php(103): PHPUnit\TextUI\Application->run(Array)
#79 C:\Users\harry\Herd\jayavandepol.nl\vendor\pestphp\pest\bin\pest(184): Pest\Kernel->handle(Array, Array)
#80 C:\Users\harry\Herd\jayavandepol.nl\vendor\pestphp\pest\bin\pest(192): {closure:C:\Users\harry\Herd\jayavandepol.nl\vendor\pestphp\pest\bin\pest:18}()
#81 {main}

----------------------------------------------------------------------------------

SQLSTATE[HY000]: General error: 1 no such table: projects (Connection: sqlite, Database: :memory:, SQL: select * from "projects" where "status" = published and "is_featured" = 1 order by "sort_order" asc, "published_at" desc limit 3)

  at tests\Feature\ExampleTest.php:6
      2Γûò 
      3Γûò test('the application returns a successful response', function () {
      4Γûò     $response = $this->get('/');
      5Γûò 
  Γ₧£   6Γûò     $response->assertStatus(200);
      7Γûò });
      8Γûò


  Tests:    1 failed, 1 passed (2 assertions)
  Duration: 7.09s

